error(interpreter): Found error while interpreting: error.Unreachable
error(interpreter): Fatal error!
